// Jest Snapshot v1, https://goo.gl/fbAQLP

exports[`InserterMenu should allow searching for blocks 1`] = `
<Popover
  className="editor-inserter__menu"
>
  <label
    className="screen-reader-text"
    htmlFor="editor-inserter__search-1"
  >
    Search blocks
  </label>
  <input
    autoFocus={true}
    className="editor-inserter__search"
    id="editor-inserter__search-1"
    onChange={[Function]}
    onClick={[Function]}
    placeholder="Search…"
    tabIndex="-1"
    type="search"
  />
  <div
    className="editor-inserter__content"
    role="menu"
  >
    <div>
      <div
        aria-hidden="true"
        className="editor-inserter__separator"
        id="editor-inserter__separator-common-1"
      >
        Common Blocks
      </div>
      <div
        aria-labelledby="editor-inserter__separator-common-1"
        className="editor-inserter__category-blocks"
        role="menu"
        tabIndex="0"
      >
        <button
          className="editor-inserter__block"
          onClick={[Function]}
          role="menuitem"
          tabIndex="-1"
        >
          <BlockIcon />
          Text
        </button>
        <button
          className="editor-inserter__block"
          onClick={[Function]}
          role="menuitem"
          tabIndex="-1"
        >
          <BlockIcon />
          Advanced Text
        </button>
      </div>
    </div>
  </div>
</Popover>
`;
