// Jest Snapshot v1, https://goo.gl/fbAQLP

exports[`DefaultBlockAppender blocks present should match snapshot 1`] = `""`;

exports[`DefaultBlockAppender no block present should match snapshot 1`] = `
<div
  className="editor-default-block-appender"
>
  <Connect(BlockDropZone) />
  <input
    className="editor-default-block-appender__content"
    onClick={[Function]}
    onFocus={[Function]}
    onKeyDown={[Function]}
    readOnly={true}
    type="text"
    value="Write your story"
  />
</div>
`;
