// Vitest Snapshot v1, https://vitest.dev/guide/snapshot.html

exports[`flags warnings when duplicate selectors are found in css > snapshot matches warnings 1`] = `
[
  {
    "column": 1,
    "endColumn": 15,
    "endLine": 5,
    "line": 5,
    "rule": "no-duplicate-selectors",
    "severity": "error",
    "text": "Duplicate selector ".same-selector", first used at line 1 (no-duplicate-selectors)",
  },
]
`;
