// Jest Snapshot v1, https://goo.gl/fbAQLP

exports[`adding blocks Should insert content using the placeholder and the regular inserter 1`] = `
"<!-- wp:text -->
<p>Paragraph block</p>
<!-- /wp:text -->

<!-- wp:text -->
<p>Second paragraph</p>
<!-- /wp:text -->

<!-- wp:quote -->
<blockquote class=\\"wp-block-quote\\">
    <p>Quote block</p>
</blockquote>
<!-- /wp:quote -->

<!-- wp:code -->
<pre class=\\"wp-block-code\\"><code>Code block</code></pre>
<!-- /wp:code -->"
`;
