// Jest Snapshot v1, https://goo.gl/fbAQLP

exports[`splitting and merging blocks Should split and merge paragraph blocks using Enter and Backspace 1`] = `
"<!-- wp:text -->
<p>First</p>
<!-- /wp:text -->

<!-- wp:text -->
<p>Second</p>
<!-- /wp:text -->"
`;

exports[`splitting and merging blocks Should split and merge paragraph blocks using Enter and Backspace 2`] = `
"<!-- wp:text -->
<p>FirstSecond</p>
<!-- /wp:text -->"
`;
