// Jest Snapshot v1, https://goo.gl/fbAQLP

exports[`adding blocks Should navigate inner blocks with arrow keys 1`] = `
"<!-- wp:paragraph -->
<p>First paragraph</p>
<!-- /wp:paragraph -->

<!-- wp:columns -->
<div class=\\"wp-block-columns has-2-columns\\">
	<!-- wp:paragraph {\\"layout\\":\\"column-1\\"} -->
	<p class=\\"layout-column-1\\">First column paragraph</p>
	<!-- /wp:paragraph -->

	<!-- wp:paragraph {\\"layout\\":\\"column-2\\"} -->
	<p class=\\"layout-column-2\\">Second column paragraph</p>
	<!-- /wp:paragraph -->
</div>
<!-- /wp:columns -->

<!-- wp:paragraph -->
<p>Second paragraph</p>
<!-- /wp:paragraph -->"
`;
